Link map of __startup
  1] __startup (func,global) found in MPC5604B_Startup_c.obj 
   2] __start (func,global) found in librt_E200z0_VLE_Soft.a D:\w\EPPC\workspace_codegen\ewl\EWL_Runtime\Runtime_PA_CmdLineData\librt_E200z0_VLE_Soft\obj\__start.o
    3] __init_registers (func,weak) found in librt_E200z0_VLE_Soft.a D:\w\EPPC\workspace_codegen\ewl\EWL_Runtime\Runtime_PA_CmdLineData\librt_E200z0_VLE_Soft\obj\__start.o
     4] _stack_addr found as linker generated symbol
     4] _SDA2_BASE_ found as linker generated symbol
     4] _SDA_BASE_ found as linker generated symbol
    3] __init_hardware (func,global) found in __ppc_eabi_init_c.obj 
     4] usr_init (func,global) found in MPC5604B_init_ram_c.obj 
      5] EXCEP_InitExceptionHandlers (func,global) found in Exceptions_c.obj 
       6] EXCEPTION_HANDLERS found as linker generated symbol
      5] INTC_InitINTCInterrupts (func,global) found in IntcInterrupts_c.obj 
       6] INTCInterruptsHandlerTable (object,global) found in IntcInterrupts_c.obj 
    3] __init_data (func,weak) found in librt_E200z0_VLE_Soft.a D:\w\EPPC\workspace_codegen\ewl\EWL_Runtime\Runtime_PA_CmdLineData\librt_E200z0_VLE_Soft\obj\__start.o
     4] _rom_copy_info (object,global) found in Linker Generated Symbol File 
     4] __copy_rom_section (func,global) found in librt_E200z0_VLE_Soft.a D:\w\EPPC\workspace_codegen\ewl\EWL_Runtime\Runtime_PA_CmdLineData\librt_E200z0_VLE_Soft\obj\__start.o
      5] memcpy (func,global) found in librt_E200z0_VLE_Soft.a D:\w\EPPC\workspace_codegen\ewl\EWL_Runtime\Runtime_PA_CmdLineData\librt_E200z0_VLE_Soft\obj\__mem.o
      5] __flush_cache (func,global) found in __ppc_eabi_init_c.obj 
     4] _bss_init_info (object,global) found in Linker Generated Symbol File 
     4] __init_bss_section (func,global) found in librt_E200z0_VLE_Soft.a D:\w\EPPC\workspace_codegen\ewl\EWL_Runtime\Runtime_PA_CmdLineData\librt_E200z0_VLE_Soft\obj\__start.o
      5] memset (func,global) found in librt_E200z0_VLE_Soft.a D:\w\EPPC\workspace_codegen\ewl\EWL_Runtime\Runtime_PA_CmdLineData\librt_E200z0_VLE_Soft\obj\__mem.o
       6] __fill_mem (func,global) found in librt_E200z0_VLE_Soft.a D:\w\EPPC\workspace_codegen\ewl\EWL_Runtime\Runtime_PA_CmdLineData\librt_E200z0_VLE_Soft\obj\__mem.o
    3] __init_user (func,global) found in __ppc_eabi_init_c.obj 
     4] FlashConfig (func,global) found in __ppc_eabi_init_c.obj 
      5] @22 (object,local) found in __ppc_eabi_init_c.obj 
    3] main (func,global) found in main_c.obj 
     4] sys_init_fnc (func,global) found in sys_init_c.obj 
      5] intc_init_fnc (func,global) found in intc_init_c.obj 
       6] en_int_fnc (func,global) found in intc_init_c.obj 
      5] sysclk_module_init_fnc (func,global) found in sysclk_c.obj 
       6] mode_entry_init_fnc (func,global) found in sysclk_c.obj 
       6] sysclk_init_fnc (func,global) found in sysclk_c.obj 
       6] cmu_init_fnc (func,global) found in sysclk_c.obj 
      5] pit_init_fnc (func,global) found in pit_c.obj 
      5] mode_entry_post_config_fnc (func,global) found in sysclk_c.obj 
     4] mode_entry_change_mode (func,global) found in sysclk_c.obj 
     4] vLEDTask2 (func,global) found in main_c.obj 
      5] global_count (object,global) found in port_c.obj 
     4] @138 (object,local) found in main_c.obj 
     4] task2 (object,global) found in main_c.obj 
     4] xTaskCreate (func,global) found in tasks_c.obj 
      5] pvPortMalloc (func,global) found in heap_1_c.obj 
       6] @LOCAL@pvPortMalloc__FUl@pucAlignedHeap (object,local) found in heap_1_c.obj 
       6] xNextFreeByte (object,local) found in heap_1_c.obj 
       6] vTaskSuspendAll (func,global) found in tasks_c.obj 
        7] uxSchedulerSuspended (object,local) found in tasks_c.obj 
       6] ucHeap (object,local) found in heap_1_c.obj 
       6] xTaskResumeAll (func,global) found in tasks_c.obj 
        7] uxTopReadyPriority (object,local) found in tasks_c.obj 
        7] xYieldPending (object,local) found in tasks_c.obj 
        7] vTaskEnterCritical (func,global) found in tasks_c.obj 
         8] xSchedulerRunning (object,local) found in tasks_c.obj 
         8] pxCurrentTCB (object,global) found in tasks_c.obj 
        7] uxCurrentNumberOfTasks (object,local) found in tasks_c.obj 
        7] xPendingReadyList (object,local) found in tasks_c.obj 
        7] uxListRemove (func,global) found in list_c.obj 
        7] pxReadyTasksLists (object,local) found in tasks_c.obj 
        7] vListInsertEnd (func,global) found in list_c.obj 
        7] prvResetNextTaskUnblockTime (func,local) found in tasks_c.obj 
         8] pxDelayedTaskList (object,local) found in tasks_c.obj 
         8] xNextTaskUnblockTime (object,local) found in tasks_c.obj 
        7] uxPendedTicks (object,local) found in tasks_c.obj 
        7] xTaskIncrementTick (func,global) found in tasks_c.obj 
         8] xTickCount (object,local) found in tasks_c.obj 
         8] pxOverflowDelayedTaskList (object,local) found in tasks_c.obj 
         8] xNumOfOverflows (object,local) found in tasks_c.obj 
         8] vApplicationTickHook (func,global) found in main_c.obj 
          9] ui32_ms_cnt (object,global) found in main_c.obj 
        7] vTaskExitCritical (func,global) found in tasks_c.obj 
      5] vPortFree (func,global) found in heap_1_c.obj 
      5] prvInitialiseNewTask (func,local) found in tasks_c.obj 
       6] vListInitialiseItem (func,global) found in list_c.obj 
       6] pxPortInitialiseStack (func,global) found in port_c.obj 
      5] prvAddNewTaskToReadyList (func,local) found in tasks_c.obj 
       6] prvInitialiseTaskLists (func,local) found in tasks_c.obj 
        7] vListInitialise (func,global) found in list_c.obj 
        7] xDelayedTaskList1 (object,local) found in tasks_c.obj 
        7] xDelayedTaskList2 (object,local) found in tasks_c.obj 
        7] xSuspendedTaskList (object,local) found in tasks_c.obj 
       6] uxTaskNumber (object,local) found in tasks_c.obj 
     4] vLEDTask1 (func,global) found in main_c.obj 
     4] @139 (object,local) found in main_c.obj 
     4] task1 (object,global) found in main_c.obj 
     4] vTaskStartScheduler (func,global) found in tasks_c.obj 
      5] prvIdleTask (func,local) found in tasks_c.obj 
       6] prvCheckTasksWaitingTermination (func,local) found in tasks_c.obj 
      5] @355 (object,local) found in tasks_c.obj 
      5] xIdleTaskHandle (object,local) found in tasks_c.obj 
      5] xPortStartScheduler (func,global) found in port_c.obj 
       6] prvPortTimerSetup (func,global) found in port_c.obj 
        7] vPortTickISR (func,global) found in port_c.obj 
         8] vTaskSwitchContext (func,global) found in tasks_c.obj 
        7] pit_config (func,global) found in pit_c.obj 
         8] INTC_InstallINTCInterruptHandler (func,global) found in IntcInterrupts_c.obj 
       6] vPortStartFirstTask (notype,global) found in portasm_s.obj 
        7] _@DummyFn1 (func,local) found in portasm_s.obj 
        7] vPortYield (notype,global) found in portasm_s.obj 
        7] .text (section,local) found in portasm_s.obj 
    3] exit (func,global) found in libc_E200z0_VLE_Soft.a D:\w\EPPC\workspace_codegen\ewl\EWL_C\EWL_C.PA_CmdLineData\libc_E200z0_VLE_Soft\obj\abort_exit.o
    3] >>> UNREFERENCED DUPLICATE exit
    3] >>> (func,weak) found in __ppc_eabi_init_c.obj 
     4] __destroy_global_chain (func,global) found in librt_E200z0_VLE_Soft.a D:\w\EPPC\workspace_codegen\ewl\EWL_Runtime\Runtime_PA_CmdLineData\librt_E200z0_VLE_Soft\obj\global_destructor_chain.o
      5] __global_destructor_chain (object,global) found in librt_E200z0_VLE_Soft.a D:\w\EPPC\workspace_codegen\ewl\EWL_Runtime\Runtime_PA_CmdLineData\librt_E200z0_VLE_Soft\obj\global_destructor_chain.o
     4] __stdio_exit (object,global) found in libc_E200z0_VLE_Soft.a D:\w\EPPC\workspace_codegen\ewl\EWL_C\EWL_C.PA_CmdLineData\libc_E200z0_VLE_Soft\obj\abort_exit.o
     4] __console_exit (object,global) found in libc_E200z0_VLE_Soft.a D:\w\EPPC\workspace_codegen\ewl\EWL_C\EWL_C.PA_CmdLineData\libc_E200z0_VLE_Soft\obj\abort_exit.o
     4] _ExitProcess (func,weak) found in __ppc_eabi_init_c.obj 
     4] __restore_frame_and_exit (func,global) found in librt_E200z0_VLE_Soft.a D:\w\EPPC\workspace_codegen\ewl\EWL_Runtime\Runtime_PA_CmdLineData\librt_E200z0_VLE_Soft\obj\runtime.o
  1] EXCEP_DefaultExceptionHandler (func,global) found in Exceptions_c.obj 
  1] ivor_branch_table_p0 (func,global) found in ivor_branch_table_c.obj 
    3] .init (section,local) found in MPC5604B_init_ram_c.obj 
    3] .init.11 (notype,local) found in MPC5604B_init_ram_c.obj 
    3] .init (section,local) found in MPC5604B_Startup_c.obj 
    3] .init.21 (notype,local) found in MPC5604B_Startup_c.obj 
    3] .ivor_branch_table (section,local) found in ivor_branch_table_c.obj 
    3] .ivor_branch_table.24 (notype,local) found in ivor_branch_table_c.obj 
    3] .text (section,local) found in IntcInterrupts_c.obj 
    3] .text.25 (notype,local) found in IntcInterrupts_c.obj 
    3] .text (section,local) found in main_c.obj 
    3] .text.150 (notype,local) found in main_c.obj 
    3] .text (section,local) found in sysclk_c.obj 
    3] .text.67 (notype,local) found in sysclk_c.obj 
    3] .text (section,local) found in sys_init_c.obj 
    3] .text.20 (notype,local) found in sys_init_c.obj 
    3] .text (section,local) found in pit_c.obj 
    3] .text.28 (notype,local) found in pit_c.obj 
    3] .text (section,local) found in intc_init_c.obj 
    3] .text.15 (notype,local) found in intc_init_c.obj 
    3] .text (section,local) found in port_c.obj 
    3] .text.146 (notype,local) found in port_c.obj 
    3] .text (section,local) found in heap_1_c.obj 
    3] .text.137 (notype,local) found in heap_1_c.obj 
    3] .text (section,local) found in tasks_c.obj 
    3] .text.975 (notype,local) found in tasks_c.obj 
    3] .text (section,local) found in list_c.obj 
    3] .text.86 (notype,local) found in list_c.obj 
    3] .text (section,local) found in libc_E200z0_VLE_Soft.a D:\w\EPPC\workspace_codegen\ewl\EWL_C\EWL_C.PA_CmdLineData\libc_E200z0_VLE_Soft\obj\abort_exit.o
    3] .text.86 (notype,local) found in libc_E200z0_VLE_Soft.a D:\w\EPPC\workspace_codegen\ewl\EWL_C\EWL_C.PA_CmdLineData\libc_E200z0_VLE_Soft\obj\abort_exit.o
    3] .init (section,local) found in librt_E200z0_VLE_Soft.a D:\w\EPPC\workspace_codegen\ewl\EWL_Runtime\Runtime_PA_CmdLineData\librt_E200z0_VLE_Soft\obj\__start.o
    3] .init.104 (notype,local) found in librt_E200z0_VLE_Soft.a D:\w\EPPC\workspace_codegen\ewl\EWL_Runtime\Runtime_PA_CmdLineData\librt_E200z0_VLE_Soft\obj\__start.o
    3] .text (section,local) found in librt_E200z0_VLE_Soft.a D:\w\EPPC\workspace_codegen\ewl\EWL_Runtime\Runtime_PA_CmdLineData\librt_E200z0_VLE_Soft\obj\global_destructor_chain.o
    3] .text.104 (notype,local) found in librt_E200z0_VLE_Soft.a D:\w\EPPC\workspace_codegen\ewl\EWL_Runtime\Runtime_PA_CmdLineData\librt_E200z0_VLE_Soft\obj\global_destructor_chain.o
    3] .text (section,local) found in librt_E200z0_VLE_Soft.a D:\w\EPPC\workspace_codegen\ewl\EWL_Runtime\Runtime_PA_CmdLineData\librt_E200z0_VLE_Soft\obj\runtime.o
    3] .text.205 (notype,local) found in librt_E200z0_VLE_Soft.a D:\w\EPPC\workspace_codegen\ewl\EWL_Runtime\Runtime_PA_CmdLineData\librt_E200z0_VLE_Soft\obj\runtime.o
    3] .text (section,local) found in MPC5604B_HWInit_c.obj 
    3] .text.12 (notype,local) found in MPC5604B_HWInit_c.obj 
