Link map of __startup
  1] __startup (func,global) found in MPC5604B_Startup_c.obj 
   2] __start (func,global) found in librt_E200z0_VLE_Soft.a D:\w\EPPC\workspace_codegen\ewl\EWL_Runtime\Runtime_PA_CmdLineData\librt_E200z0_VLE_Soft\obj\__start.o
    3] __init_registers (func,weak) found in librt_E200z0_VLE_Soft.a D:\w\EPPC\workspace_codegen\ewl\EWL_Runtime\Runtime_PA_CmdLineData\librt_E200z0_VLE_Soft\obj\__start.o
     4] _stack_addr found as linker generated symbol
     4] _SDA2_BASE_ found as linker generated symbol
     4] _SDA_BASE_ found as linker generated symbol
    3] __init_hardware (func,global) found in __ppc_eabi_init_c.obj 
     4] usr_init (func,global) found in MPC5604B_init_ram_c.obj 
      5] EXCEP_InitExceptionHandlers (func,global) found in Exceptions_c.obj 
       6] EXCEPTION_HANDLERS found as linker generated symbol
      5] INTC_InitINTCInterrupts (func,global) found in IntcInterrupts_c.obj 
       6] INTCInterruptsHandlerTable (object,global) found in IntcInterrupts_c.obj 
    3] __init_data (func,weak) found in librt_E200z0_VLE_Soft.a D:\w\EPPC\workspace_codegen\ewl\EWL_Runtime\Runtime_PA_CmdLineData\librt_E200z0_VLE_Soft\obj\__start.o
     4] _rom_copy_info (object,global) found in Linker Generated Symbol File 
     4] __copy_rom_section (func,global) found in librt_E200z0_VLE_Soft.a D:\w\EPPC\workspace_codegen\ewl\EWL_Runtime\Runtime_PA_CmdLineData\librt_E200z0_VLE_Soft\obj\__start.o
      5] memcpy (func,global) found in librt_E200z0_VLE_Soft.a D:\w\EPPC\workspace_codegen\ewl\EWL_Runtime\Runtime_PA_CmdLineData\librt_E200z0_VLE_Soft\obj\__mem.o
      5] __flush_cache (func,global) found in __ppc_eabi_init_c.obj 
     4] _bss_init_info (object,global) found in Linker Generated Symbol File 
     4] __init_bss_section (func,global) found in librt_E200z0_VLE_Soft.a D:\w\EPPC\workspace_codegen\ewl\EWL_Runtime\Runtime_PA_CmdLineData\librt_E200z0_VLE_Soft\obj\__start.o
      5] memset (func,global) found in librt_E200z0_VLE_Soft.a D:\w\EPPC\workspace_codegen\ewl\EWL_Runtime\Runtime_PA_CmdLineData\librt_E200z0_VLE_Soft\obj\__mem.o
       6] __fill_mem (func,global) found in librt_E200z0_VLE_Soft.a D:\w\EPPC\workspace_codegen\ewl\EWL_Runtime\Runtime_PA_CmdLineData\librt_E200z0_VLE_Soft\obj\__mem.o
    3] __init_user (func,global) found in __ppc_eabi_init_c.obj 
     4] FlashConfig (func,global) found in __ppc_eabi_init_c.obj 
      5] @22 (object,local) found in __ppc_eabi_init_c.obj 
    3] main (func,global) found in main_c.obj 
     4] sys_init_fnc (func,global) found in sys_init_c.obj 
      5] intc_init_fnc (func,global) found in intc_init_c.obj 
       6] en_int_fnc (func,global) found in intc_init_c.obj 
      5] sysclk_module_init_fnc (func,global) found in sysclk_c.obj 
       6] mode_entry_init_fnc (func,global) found in sysclk_c.obj 
       6] sysclk_init_fnc (func,global) found in sysclk_c.obj 
       6] cmu_init_fnc (func,global) found in sysclk_c.obj 
      5] pit_init_fnc (func,global) found in pit_c.obj 
      5] mode_entry_post_config_fnc (func,global) found in sysclk_c.obj 
     4] mode_entry_change_mode (func,global) found in sysclk_c.obj 
     4] vLEDTask4 (func,global) found in main_c.obj 
      5] xTaskGetTickCount (func,global) found in tasks_c.obj 
       6] xTickCount (object,local) found in tasks_c.obj 
      5] vTaskDelayUntil (func,global) found in tasks_c.obj 
       6] vTaskSuspendAll (func,global) found in tasks_c.obj 
        7] uxSchedulerSuspended (object,local) found in tasks_c.obj 
       6] prvAddCurrentTaskToDelayedList (func,local) found in tasks_c.obj 
        7] pxCurrentTCB (object,global) found in tasks_c.obj 
        7] uxListRemove (func,global) found in list_c.obj 
        7] xSuspendedTaskList (object,local) found in tasks_c.obj 
        7] vListInsertEnd (func,global) found in list_c.obj 
        7] pxOverflowDelayedTaskList (object,local) found in tasks_c.obj 
        7] vListInsert (func,global) found in list_c.obj 
        7] pxDelayedTaskList (object,local) found in tasks_c.obj 
        7] xNextTaskUnblockTime (object,local) found in tasks_c.obj 
       6] xTaskResumeAll (func,global) found in tasks_c.obj 
        7] uxTopReadyPriority (object,local) found in tasks_c.obj 
        7] xYieldPending (object,local) found in tasks_c.obj 
        7] vTaskEnterCritical (func,global) found in tasks_c.obj 
         8] xSchedulerRunning (object,local) found in tasks_c.obj 
        7] uxCurrentNumberOfTasks (object,local) found in tasks_c.obj 
        7] xPendingReadyList (object,local) found in tasks_c.obj 
        7] pxReadyTasksLists (object,local) found in tasks_c.obj 
        7] prvResetNextTaskUnblockTime (func,local) found in tasks_c.obj 
        7] uxPendedTicks (object,local) found in tasks_c.obj 
        7] xTaskIncrementTick (func,global) found in tasks_c.obj 
         8] xNumOfOverflows (object,local) found in tasks_c.obj 
         8] vApplicationTickHook (func,global) found in main_c.obj 
          9] ui32_ms_cnt (object,global) found in main_c.obj 
        7] vTaskExitCritical (func,global) found in tasks_c.obj 
     4] @160 (object,local) found in main_c.obj 
     4] xTaskCreate (func,global) found in tasks_c.obj 
      5] pvPortMalloc (func,global) found in heap_1_c.obj 
       6] @LOCAL@pvPortMalloc__FUl@pucAlignedHeap (object,local) found in heap_1_c.obj 
       6] xNextFreeByte (object,local) found in heap_1_c.obj 
       6] ucHeap (object,local) found in heap_1_c.obj 
      5] vPortFree (func,global) found in heap_1_c.obj 
      5] prvInitialiseNewTask (func,local) found in tasks_c.obj 
       6] vListInitialiseItem (func,global) found in list_c.obj 
       6] pxPortInitialiseStack (func,global) found in port_c.obj 
      5] prvAddNewTaskToReadyList (func,local) found in tasks_c.obj 
       6] prvInitialiseTaskLists (func,local) found in tasks_c.obj 
        7] vListInitialise (func,global) found in list_c.obj 
        7] xDelayedTaskList1 (object,local) found in tasks_c.obj 
        7] xDelayedTaskList2 (object,local) found in tasks_c.obj 
       6] uxTaskNumber (object,local) found in tasks_c.obj 
     4] vLEDTask3 (func,global) found in main_c.obj 
     4] @161 (object,local) found in main_c.obj 
     4] vLEDTask2 (func,global) found in main_c.obj 
     4] @162 (object,local) found in main_c.obj 
     4] task2 (object,global) found in main_c.obj 
     4] vLEDTask1 (func,global) found in main_c.obj 
     4] @163 (object,local) found in main_c.obj 
     4] task1 (object,global) found in main_c.obj 
     4] vTaskStartScheduler (func,global) found in tasks_c.obj 
      5] prvIdleTask (func,local) found in tasks_c.obj 
       6] prvCheckTasksWaitingTermination (func,local) found in tasks_c.obj 
      5] @355 (object,local) found in tasks_c.obj 
      5] xIdleTaskHandle (object,local) found in tasks_c.obj 
      5] xPortStartScheduler (func,global) found in port_c.obj 
       6] prvPortTimerSetup (func,global) found in port_c.obj 
        7] vPortTickISR (func,global) found in port_c.obj 
         8] global_count (object,global) found in port_c.obj 
         8] vTaskSwitchContext (func,global) found in tasks_c.obj 
        7] pit_config (func,global) found in pit_c.obj 
         8] INTC_InstallINTCInterruptHandler (func,global) found in IntcInterrupts_c.obj 
       6] vPortStartFirstTask (notype,global) found in portasm_s.obj 
        7] _@DummyFn1 (func,local) found in portasm_s.obj 
        7] INTC_INTCInterruptHandler (notype,global) found in portasm_s.obj 
        7] vPortYield (notype,global) found in portasm_s.obj 
        7] .text (section,local) found in portasm_s.obj 
    3] exit (func,global) found in libc_E200z0_VLE_Soft.a D:\w\EPPC\workspace_codegen\ewl\EWL_C\EWL_C.PA_CmdLineData\libc_E200z0_VLE_Soft\obj\abort_exit.o
    3] >>> UNREFERENCED DUPLICATE exit
    3] >>> (func,weak) found in __ppc_eabi_init_c.obj 
     4] __destroy_global_chain (func,global) found in librt_E200z0_VLE_Soft.a D:\w\EPPC\workspace_codegen\ewl\EWL_Runtime\Runtime_PA_CmdLineData\librt_E200z0_VLE_Soft\obj\global_destructor_chain.o
      5] __global_destructor_chain (object,global) found in librt_E200z0_VLE_Soft.a D:\w\EPPC\workspace_codegen\ewl\EWL_Runtime\Runtime_PA_CmdLineData\librt_E200z0_VLE_Soft\obj\global_destructor_chain.o
     4] __stdio_exit (object,global) found in libc_E200z0_VLE_Soft.a D:\w\EPPC\workspace_codegen\ewl\EWL_C\EWL_C.PA_CmdLineData\libc_E200z0_VLE_Soft\obj\abort_exit.o
     4] __console_exit (object,global) found in libc_E200z0_VLE_Soft.a D:\w\EPPC\workspace_codegen\ewl\EWL_C\EWL_C.PA_CmdLineData\libc_E200z0_VLE_Soft\obj\abort_exit.o
     4] _ExitProcess (func,weak) found in __ppc_eabi_init_c.obj 
     4] __restore_frame_and_exit (func,global) found in librt_E200z0_VLE_Soft.a D:\w\EPPC\workspace_codegen\ewl\EWL_Runtime\Runtime_PA_CmdLineData\librt_E200z0_VLE_Soft\obj\runtime.o
  1] EXCEP_DefaultExceptionHandler (func,global) found in Exceptions_c.obj 
  1] ivor_branch_table_p0 (func,global) found in ivor_branch_table_c.obj 
    3] .init (section,local) found in MPC5604B_init_ram_c.obj 
    3] .init.11 (notype,local) found in MPC5604B_init_ram_c.obj 
    3] .init (section,local) found in MPC5604B_Startup_c.obj 
    3] .init.21 (notype,local) found in MPC5604B_Startup_c.obj 
    3] .ivor_branch_table (section,local) found in ivor_branch_table_c.obj 
    3] .ivor_branch_table.24 (notype,local) found in ivor_branch_table_c.obj 
    3] .text (section,local) found in IntcInterrupts_c.obj 
    3] .text.25 (notype,local) found in IntcInterrupts_c.obj 
    3] .text (section,local) found in main_c.obj 
    3] .text.176 (notype,local) found in main_c.obj 
    3] .text (section,local) found in sysclk_c.obj 
    3] .text.67 (notype,local) found in sysclk_c.obj 
    3] .text (section,local) found in sys_init_c.obj 
    3] .text.20 (notype,local) found in sys_init_c.obj 
    3] .text (section,local) found in pit_c.obj 
    3] .text.28 (notype,local) found in pit_c.obj 
    3] .text (section,local) found in intc_init_c.obj 
    3] .text.15 (notype,local) found in intc_init_c.obj 
    3] .text (section,local) found in port_c.obj 
    3] .text.146 (notype,local) found in port_c.obj 
    3] .text (section,local) found in heap_1_c.obj 
    3] .text.137 (notype,local) found in heap_1_c.obj 
    3] .text (section,local) found in tasks_c.obj 
    3] .text.975 (notype,local) found in tasks_c.obj 
    3] .text (section,local) found in list_c.obj 
    3] .text.86 (notype,local) found in list_c.obj 
    3] .text (section,local) found in libc_E200z0_VLE_Soft.a D:\w\EPPC\workspace_codegen\ewl\EWL_C\EWL_C.PA_CmdLineData\libc_E200z0_VLE_Soft\obj\abort_exit.o
    3] .text.86 (notype,local) found in libc_E200z0_VLE_Soft.a D:\w\EPPC\workspace_codegen\ewl\EWL_C\EWL_C.PA_CmdLineData\libc_E200z0_VLE_Soft\obj\abort_exit.o
    3] .init (section,local) found in librt_E200z0_VLE_Soft.a D:\w\EPPC\workspace_codegen\ewl\EWL_Runtime\Runtime_PA_CmdLineData\librt_E200z0_VLE_Soft\obj\__start.o
    3] .init.104 (notype,local) found in librt_E200z0_VLE_Soft.a D:\w\EPPC\workspace_codegen\ewl\EWL_Runtime\Runtime_PA_CmdLineData\librt_E200z0_VLE_Soft\obj\__start.o
    3] .text (section,local) found in librt_E200z0_VLE_Soft.a D:\w\EPPC\workspace_codegen\ewl\EWL_Runtime\Runtime_PA_CmdLineData\librt_E200z0_VLE_Soft\obj\global_destructor_chain.o
    3] .text.104 (notype,local) found in librt_E200z0_VLE_Soft.a D:\w\EPPC\workspace_codegen\ewl\EWL_Runtime\Runtime_PA_CmdLineData\librt_E200z0_VLE_Soft\obj\global_destructor_chain.o
    3] .text (section,local) found in librt_E200z0_VLE_Soft.a D:\w\EPPC\workspace_codegen\ewl\EWL_Runtime\Runtime_PA_CmdLineData\librt_E200z0_VLE_Soft\obj\runtime.o
    3] .text.205 (notype,local) found in librt_E200z0_VLE_Soft.a D:\w\EPPC\workspace_codegen\ewl\EWL_Runtime\Runtime_PA_CmdLineData\librt_E200z0_VLE_Soft\obj\runtime.o
    3] .text (section,local) found in MPC5604B_HWInit_c.obj 
    3] .text.12 (notype,local) found in MPC5604B_HWInit_c.obj 


.ivor_branch_table section layout
  Starting        Virtual  File
  address  Size   address  offset
  ---------------------------------
  00000000 0000f2 40000000 000001a0  1 .ivor_branch_table 	ivor_branch_table_c.obj 
  00000000 0000f2 40000000 000001a0 16 ivor_branch_table_p0 	ivor_branch_table_c.obj 
  000000f2 000000 400000f2 00000292  1 .ivor_branch_table.24 	ivor_branch_table_c.obj 


.intc_hw_branch_table section layout
  Starting        Virtual  File
  address  Size   address  offset
  ---------------------------------


.init section layout
  Starting        Virtual  File
  address  Size   address  offset
  ---------------------------------
  00000000 00008c 40001000 00000294  1 .init 	Linker Generated Symbol File 
  00000000 00006c 40001000 00000294  4 _rom_copy_info 	Linker Generated Symbol File 
  0000006c 000020 4000106c 00000300  4 _bss_init_info 	Linker Generated Symbol File 


.init_vle section layout
  Starting        Virtual  File
  address  Size   address  offset
  ---------------------------------
  00000000 00002c 4000108c 00000320  1 .init 	__ppc_eabi_init_c.obj 
  00000000 00000a 4000108c 00000320  2 __init_hardware 	__ppc_eabi_init_c.obj 
  0000000a 000022 40001096 0000032a  2 __flush_cache 	__ppc_eabi_init_c.obj 
  0000002c 00000e 400010b8 0000034c  1 .init 	MPC5604B_init_ram_c.obj 
  0000002c 00000e 400010b8 0000034c  2 usr_init 	MPC5604B_init_ram_c.obj 
  0000003a 000000 400010c6 0000035a  1 .init.11 	MPC5604B_init_ram_c.obj 
  0000003a 000002 400010c8 0000035c  4 *fill*
  0000003c 000004 400010c8 0000035c  1 .init 	MPC5604B_Startup_c.obj 
  0000003c 000004 400010c8 0000035c  4 __startup 	MPC5604B_Startup_c.obj 
  00000040 000000 400010cc 00000360  1 .init.21 	MPC5604B_Startup_c.obj 
  00000040 0000f4 400010cc 00000360  1 .init 	librt_E200z0_VLE_Soft.a D:\w\EPPC\workspace_codegen\ewl\EWL_Runtime\Runtime_PA_CmdLineData\librt_E200z0_VLE_Soft\obj\__start.o
  00000040 000048 400010cc 00000360  2 __start 	librt_E200z0_VLE_Soft.a D:\w\EPPC\workspace_codegen\ewl\EWL_Runtime\Runtime_PA_CmdLineData\librt_E200z0_VLE_Soft\obj\__start.o
  00000088 000030 40001114 000003a8  2 __copy_rom_section 	librt_E200z0_VLE_Soft.a D:\w\EPPC\workspace_codegen\ewl\EWL_Runtime\Runtime_PA_CmdLineData\librt_E200z0_VLE_Soft\obj\__start.o
  000000b8 00000e 40001144 000003d8  2 __init_bss_section 	librt_E200z0_VLE_Soft.a D:\w\EPPC\workspace_codegen\ewl\EWL_Runtime\Runtime_PA_CmdLineData\librt_E200z0_VLE_Soft\obj\__start.o
  000000c6 00001a 40001152 000003e6  2 __init_registers 	librt_E200z0_VLE_Soft.a D:\w\EPPC\workspace_codegen\ewl\EWL_Runtime\Runtime_PA_CmdLineData\librt_E200z0_VLE_Soft\obj\__start.o
  000000e0 000054 4000116c 00000400  2 __init_data 	librt_E200z0_VLE_Soft.a D:\w\EPPC\workspace_codegen\ewl\EWL_Runtime\Runtime_PA_CmdLineData\librt_E200z0_VLE_Soft\obj\__start.o
  00000134 000000 400011c0 00000454  1 .init.104 	librt_E200z0_VLE_Soft.a D:\w\EPPC\workspace_codegen\ewl\EWL_Runtime\Runtime_PA_CmdLineData\librt_E200z0_VLE_Soft\obj\__start.o
  00000134 0000d4 400011c0 00000454  1 .init 	librt_E200z0_VLE_Soft.a D:\w\EPPC\workspace_codegen\ewl\EWL_Runtime\Runtime_PA_CmdLineData\librt_E200z0_VLE_Soft\obj\__mem.o
  00000134 000038 400011c0 00000454  2 memcpy 	librt_E200z0_VLE_Soft.a D:\w\EPPC\workspace_codegen\ewl\EWL_Runtime\Runtime_PA_CmdLineData\librt_E200z0_VLE_Soft\obj\__mem.o
  0000016c 000082 400011f8 0000048c  2 __fill_mem 	librt_E200z0_VLE_Soft.a D:\w\EPPC\workspace_codegen\ewl\EWL_Runtime\Runtime_PA_CmdLineData\librt_E200z0_VLE_Soft\obj\__mem.o
  000001ee 00001a 4000127a 0000050e  2 memset 	librt_E200z0_VLE_Soft.a D:\w\EPPC\workspace_codegen\ewl\EWL_Runtime\Runtime_PA_CmdLineData\librt_E200z0_VLE_Soft\obj\__mem.o


.__exception_handlers section layout
  Starting        Virtual  File
  address  Size   address  offset
  ---------------------------------
  00000000 000002 400012a0 00000530  1 .__exception_handlers 	Exceptions_c.obj 
  00000000 000002 400012a0 00000530 16 EXCEP_DefaultExceptionHandler 	Exceptions_c.obj 


.text section layout
  Starting        Virtual  File
  address  Size   address  offset
  ---------------------------------


.text_vle section layout
  Starting        Virtual  File
  address  Size   address  offset
  ---------------------------------
  00000000 000052 400012b0 00000540  1 .text 	__ppc_eabi_init_c.obj 
  00000000 00003e 400012b0 00000540  2 FlashConfig 	__ppc_eabi_init_c.obj 
  0000003e 000012 400012ee 0000057e  2 __init_user 	__ppc_eabi_init_c.obj 
  00000050 000002 40001300 00000590  2 _ExitProcess 	__ppc_eabi_init_c.obj 
  00000052 000000 40001302 00000592  1 .text 	MPC5604B_HWInit_c.obj 
  UNUSED   000050 ........ ........    INIT_Derivative MPC5604B_HWInit_c.obj 
  UNUSED   000002 ........ ........    INIT_ExternalBusAndMemory MPC5604B_HWInit_c.obj 
  00000052 000000 40001302 00000592  1 .text.12 	MPC5604B_HWInit_c.obj 
  00000052 00004e 40001302 00000592  1 .text 	IntcInterrupts_c.obj 
  00000052 00002c 40001302 00000592  2 INTC_InstallINTCInterruptHandler 	IntcInterrupts_c.obj 
  0000007e 000022 4000132e 000005be  2 INTC_InitINTCInterrupts 	IntcInterrupts_c.obj 
  000000a0 000000 40001350 000005e0  1 .text.25 	IntcInterrupts_c.obj 
  000000a0 00000e 40001350 000005e0  1 .text 	Exceptions_c.obj 
  000000a0 00000e 40001350 000005e0  2 EXCEP_InitExceptionHandlers 	Exceptions_c.obj 
  000000ae 000238 4000135e 000005ee  1 .text 	main_c.obj 
  000000ae 00000e 4000135e 000005ee  2 vApplicationTickHook 	main_c.obj 
  000000bc 000052 4000136c 000005fc  2 vLEDTask1 	main_c.obj 
  0000010e 000052 400013be 0000064e  2 vLEDTask2 	main_c.obj 
  00000160 000052 40001410 000006a0  2 vLEDTask3 	main_c.obj 
  000001b2 000052 40001462 000006f2  2 vLEDTask4 	main_c.obj 
  00000204 0000e2 400014b4 00000744  2 main 	main_c.obj 
  000002e6 000000 40001596 00000826  1 .text.176 	main_c.obj 
  000002e6 0004f6 40001596 00000826  1 .text 	sysclk_c.obj 
  000002e6 00001c 40001596 00000826  2 sysclk_module_init_fnc 	sysclk_c.obj 
  00000302 00027c 400015b2 00000842  2 mode_entry_init_fnc 	sysclk_c.obj 
  0000057e 000126 4000182e 00000abe  2 sysclk_init_fnc 	sysclk_c.obj 
  000006a4 00002a 40001954 00000be4  2 cmu_init_fnc 	sysclk_c.obj 
  000006ce 0000c2 4000197e 00000c0e  2 mode_entry_post_config_fnc 	sysclk_c.obj 
  00000790 00004c 40001a40 00000cd0  2 mode_entry_change_mode 	sysclk_c.obj 
  000007dc 000000 40001a8c 00000d1c  1 .text.67 	sysclk_c.obj 
  000007dc 000020 40001a8c 00000d1c  1 .text 	sys_init_c.obj 
  000007dc 000020 40001a8c 00000d1c  2 sys_init_fnc 	sys_init_c.obj 
  000007fc 000000 40001aac 00000d3c  1 .text.20 	sys_init_c.obj 
  000007fc 000250 40001aac 00000d3c  1 .text 	pit_c.obj 
  000007fc 000194 40001aac 00000d3c  2 pit_init_fnc 	pit_c.obj 
  00000990 0000bc 40001c40 00000ed0  2 pit_config 	pit_c.obj 
  00000a4c 000000 40001cfc 00000f8c  1 .text.28 	pit_c.obj 
  00000a4c 0007c8 40001cfc 00000f8c  1 .text 	intc_init_c.obj 
  00000a4c 0007be 40001cfc 00000f8c  2 intc_init_fnc 	intc_init_c.obj 
  0000120a 00000a 400024ba 0000174a  2 en_int_fnc 	intc_init_c.obj 
  00001214 000000 400024c4 00001754  1 .text.15 	intc_init_c.obj 
  00001214 000274 400024c4 00001754  1 .text 	portasm_s.obj 
  00001214 000274 400024c4 00001754  4 _@DummyFn1 	portasm_s.obj 
  00001214 000000 400024c4 00001754    vPortStartFirstTask (entry of .text) 	portasm_s.obj 
  00001286 000000 40002536 000017c6    INTC_INTCInterruptHandler (entry of .text) 	portasm_s.obj 
  000013a0 000000 40002650 000018e0    vPortYield (entry of .text) 	portasm_s.obj 
  00001488 0001be 40002738 000019c8  1 .text 	port_c.obj 
  00001488 000112 40002738 000019c8  2 pxPortInitialiseStack 	port_c.obj 
  0000159a 00001a 4000284a 00001ada  2 xPortStartScheduler 	port_c.obj 
  UNUSED   000006 ........ ........    vPortEndScheduler port_c.obj 
  000015b4 000032 40002864 00001af4  2 vPortTickISR 	port_c.obj 
  000015e6 000060 40002896 00001b26  2 prvPortTimerSetup 	port_c.obj 
  00001646 000000 400028f6 00001b86  1 .text.146 	port_c.obj 
  00001646 000086 400028f6 00001b86  1 .text 	heap_1_c.obj 
  00001646 000084 400028f6 00001b86  2 pvPortMalloc 	heap_1_c.obj 
  000016ca 000002 4000297a 00001c0a  2 vPortFree 	heap_1_c.obj 
  UNUSED   000008 ........ ........    vPortInitialiseBlocks heap_1_c.obj 
  UNUSED   00000e ........ ........    xPortGetFreeHeapSize heap_1_c.obj 
  000016cc 000000 4000297c 00001c0c  1 .text.137 	heap_1_c.obj 
  000016cc 0007ae 4000297c 00001c0c  1 .text 	tasks_c.obj 
  000016cc 00008a 4000297c 00001c0c  2 xTaskCreate 	tasks_c.obj 
  00001756 0000b8 40002a06 00001c96  2 prvInitialiseNewTask 	tasks_c.obj 
  0000180e 0000be 40002abe 00001d4e  2 prvAddNewTaskToReadyList 	tasks_c.obj 
  000018cc 00008a 40002b7c 00001e0c  2 vTaskDelayUntil 	tasks_c.obj 
  UNUSED   000050 ........ ........    vTaskDelay tasks_c.obj 
  UNUSED   0000cc ........ ........    vTaskSuspend tasks_c.obj 
  UNUSED   00003c ........ ........    prvTaskIsTaskSuspended tasks_c.obj 
  UNUSED   000090 ........ ........    vTaskResume tasks_c.obj 
  UNUSED   000088 ........ ........    xTaskResumeFromISR tasks_c.obj 
  00001956 00005c 40002c06 00001e96  2 vTaskStartScheduler 	tasks_c.obj 
  UNUSED   000022 ........ ........    vTaskEndScheduler tasks_c.obj 
  000019b2 00000e 40002c62 00001ef2  2 vTaskSuspendAll 	tasks_c.obj 
  000019c0 00011c 40002c70 00001f00  2 xTaskResumeAll 	tasks_c.obj 
  00001adc 000012 40002d8c 0000201c  2 xTaskGetTickCount 	tasks_c.obj 
  UNUSED   000018 ........ ........    xTaskGetTickCountFromISR tasks_c.obj 
  UNUSED   000006 ........ ........    uxTaskGetNumberOfTasks tasks_c.obj 
  UNUSED   000022 ........ ........    pcTaskGetName tasks_c.obj 
  00001aee 000126 40002d9e 0000202e  2 xTaskIncrementTick 	tasks_c.obj 
  00001c14 000082 40002ec4 00002154  2 vTaskSwitchContext 	tasks_c.obj 
  UNUSED   000028 ........ ........    vTaskPlaceOnEventList tasks_c.obj 
  UNUSED   000034 ........ ........    vTaskPlaceOnUnorderedEventList tasks_c.obj 
  UNUSED   00008e ........ ........    xTaskRemoveFromEventList tasks_c.obj 
  UNUSED   00006e ........ ........    vTaskRemoveFromUnorderedEventList tasks_c.obj 
  UNUSED   00002a ........ ........    vTaskSetTimeOutState tasks_c.obj 
  UNUSED   00000e ........ ........    vTaskInternalSetTimeOutState tasks_c.obj 
  UNUSED   000078 ........ ........    xTaskCheckForTimeOut tasks_c.obj 
  UNUSED   000008 ........ ........    vTaskMissedYield tasks_c.obj 
  00001c96 000042 40002f46 000021d6  2 prvIdleTask 	tasks_c.obj 
  00001cd8 000078 40002f88 00002218  2 prvInitialiseTaskLists 	tasks_c.obj 
  00001d50 000002 40003000 00002290  2 prvCheckTasksWaitingTermination 	tasks_c.obj 
  00001d52 00002c 40003002 00002292  2 prvResetNextTaskUnblockTime 	tasks_c.obj 
  UNUSED   000012 ........ ........    xTaskGetCurrentTaskHandle tasks_c.obj 
  UNUSED   0000ba ........ ........    xTaskPriorityInherit tasks_c.obj 
  UNUSED   00008c ........ ........    xTaskPriorityDisinherit tasks_c.obj 
  UNUSED   0000a0 ........ ........    vTaskPriorityDisinheritAfterTimeout tasks_c.obj 
  00001d7e 000034 4000302e 000022be  2 vTaskEnterCritical 	tasks_c.obj 
  00001db2 000038 40003062 000022f2  2 vTaskExitCritical 	tasks_c.obj 
  UNUSED   000022 ........ ........    uxTaskResetEventItemValue tasks_c.obj 
  UNUSED   00001c ........ ........    pvTaskIncrementMutexHeldCount tasks_c.obj 
  UNUSED   00007e ........ ........    ulTaskNotifyTake tasks_c.obj 
  UNUSED   0000a6 ........ ........    xTaskNotifyWait tasks_c.obj 
  UNUSED   0000f2 ........ ........    xTaskGenericNotify tasks_c.obj 
  UNUSED   000102 ........ ........    xTaskGenericNotifyFromISR tasks_c.obj 
  UNUSED   0000b2 ........ ........    vTaskNotifyGiveFromISR tasks_c.obj 
  UNUSED   00004e ........ ........    xTaskNotifyStateClear tasks_c.obj 
  00001dea 000090 4000309a 0000232a  2 prvAddCurrentTaskToDelayedList 	tasks_c.obj 
  00001e7a 000000 4000312a 000023ba  1 .text.975 	tasks_c.obj 
  00001e7a 0000be 4000312a 000023ba  1 .text 	list_c.obj 
  00001e7a 00001c 4000312a 000023ba  2 vListInitialise 	list_c.obj 
  00001e96 000006 40003146 000023d6  2 vListInitialiseItem 	list_c.obj 
  00001e9c 000024 4000314c 000023dc  2 vListInsertEnd 	list_c.obj 
  00001ec0 000046 40003170 00002400  2 vListInsert 	list_c.obj 
  00001f06 000032 400031b6 00002446  2 uxListRemove 	list_c.obj 
  00001f38 000000 400031e8 00002478  1 .text.86 	list_c.obj 
  00001f38 000040 400031e8 00002478  1 .text 	libc_E200z0_VLE_Soft.a D:\w\EPPC\workspace_codegen\ewl\EWL_C\EWL_C.PA_CmdLineData\libc_E200z0_VLE_Soft\obj\abort_exit.o
  UNUSED   00002c ........ ........    abort libc_E200z0_VLE_Soft.a D:\w\EPPC\workspace_codegen\ewl\EWL_C\EWL_C.PA_CmdLineData\libc_E200z0_VLE_Soft\obj\abort_exit.o
  UNUSED   000004 ........ ........    atexit libc_E200z0_VLE_Soft.a D:\w\EPPC\workspace_codegen\ewl\EWL_C\EWL_C.PA_CmdLineData\libc_E200z0_VLE_Soft\obj\abort_exit.o
  00001f38 000040 400031e8 00002478  2 exit 	libc_E200z0_VLE_Soft.a D:\w\EPPC\workspace_codegen\ewl\EWL_C\EWL_C.PA_CmdLineData\libc_E200z0_VLE_Soft\obj\abort_exit.o
  UNUSED   00002a ........ ........    __atexit libc_E200z0_VLE_Soft.a D:\w\EPPC\workspace_codegen\ewl\EWL_C\EWL_C.PA_CmdLineData\libc_E200z0_VLE_Soft\obj\abort_exit.o
  UNUSED   000056 ........ ........    __exit libc_E200z0_VLE_Soft.a D:\w\EPPC\workspace_codegen\ewl\EWL_C\EWL_C.PA_CmdLineData\libc_E200z0_VLE_Soft\obj\abort_exit.o
  00001f78 000000 40003228 000024b8  1 .text.86 	libc_E200z0_VLE_Soft.a D:\w\EPPC\workspace_codegen\ewl\EWL_C\EWL_C.PA_CmdLineData\libc_E200z0_VLE_Soft\obj\abort_exit.o
  00001f78 000032 40003228 000024b8  1 .text 	librt_E200z0_VLE_Soft.a D:\w\EPPC\workspace_codegen\ewl\EWL_Runtime\Runtime_PA_CmdLineData\librt_E200z0_VLE_Soft\obj\global_destructor_chain.o
  UNUSED   000010 ........ ........    __register_global_object librt_E200z0_VLE_Soft.a D:\w\EPPC\workspace_codegen\ewl\EWL_Runtime\Runtime_PA_CmdLineData\librt_E200z0_VLE_Soft\obj\global_destructor_chain.o
  00001f78 000032 40003228 000024b8  2 __destroy_global_chain 	librt_E200z0_VLE_Soft.a D:\w\EPPC\workspace_codegen\ewl\EWL_Runtime\Runtime_PA_CmdLineData\librt_E200z0_VLE_Soft\obj\global_destructor_chain.o
  UNUSED   00003a ........ ........    __register_atexit librt_E200z0_VLE_Soft.a D:\w\EPPC\workspace_codegen\ewl\EWL_Runtime\Runtime_PA_CmdLineData\librt_E200z0_VLE_Soft\obj\global_destructor_chain.o
  00001faa 000000 4000325a 000024ea  1 .text.104 	librt_E200z0_VLE_Soft.a D:\w\EPPC\workspace_codegen\ewl\EWL_Runtime\Runtime_PA_CmdLineData\librt_E200z0_VLE_Soft\obj\global_destructor_chain.o
  00001faa 000008 4000325a 000024ea  1 .text 	librt_E200z0_VLE_Soft.a D:\w\EPPC\workspace_codegen\ewl\EWL_Runtime\Runtime_PA_CmdLineData\librt_E200z0_VLE_Soft\obj\runtime.o
  UNUSED   00004a ........ ........    __save_gpr librt_E200z0_VLE_Soft.a D:\w\EPPC\workspace_codegen\ewl\EWL_Runtime\Runtime_PA_CmdLineData\librt_E200z0_VLE_Soft\obj\runtime.o
  UNUSED   000000 ........ ........    _savegpr_14 librt_E200z0_VLE_Soft.a D:\w\EPPC\workspace_codegen\ewl\EWL_Runtime\Runtime_PA_CmdLineData\librt_E200z0_VLE_Soft\obj\runtime.o
  UNUSED   000000 ........ ........    _save32gpr_14 librt_E200z0_VLE_Soft.a D:\w\EPPC\workspace_codegen\ewl\EWL_Runtime\Runtime_PA_CmdLineData\librt_E200z0_VLE_Soft\obj\runtime.o
  UNUSED   000000 ........ ........    _savegpr_15 librt_E200z0_VLE_Soft.a D:\w\EPPC\workspace_codegen\ewl\EWL_Runtime\Runtime_PA_CmdLineData\librt_E200z0_VLE_Soft\obj\runtime.o
  UNUSED   000000 ........ ........    _save32gpr_15 librt_E200z0_VLE_Soft.a D:\w\EPPC\workspace_codegen\ewl\EWL_Runtime\Runtime_PA_CmdLineData\librt_E200z0_VLE_Soft\obj\runtime.o
  UNUSED   000000 ........ ........    _savegpr_16 librt_E200z0_VLE_Soft.a D:\w\EPPC\workspace_codegen\ewl\EWL_Runtime\Runtime_PA_CmdLineData\librt_E200z0_VLE_Soft\obj\runtime.o
  UNUSED   000000 ........ ........    _save32gpr_16 librt_E200z0_VLE_Soft.a D:\w\EPPC\workspace_codegen\ewl\EWL_Runtime\Runtime_PA_CmdLineData\librt_E200z0_VLE_Soft\obj\runtime.o
  UNUSED   000000 ........ ........    _savegpr_17 librt_E200z0_VLE_Soft.a D:\w\EPPC\workspace_codegen\ewl\EWL_Runtime\Runtime_PA_CmdLineData\librt_E200z0_VLE_Soft\obj\runtime.o
  UNUSED   000000 ........ ........    _save32gpr_17 librt_E200z0_VLE_Soft.a D:\w\EPPC\workspace_codegen\ewl\EWL_Runtime\Runtime_PA_CmdLineData\librt_E200z0_VLE_Soft\obj\runtime.o
  UNUSED   000000 ........ ........    _savegpr_18 librt_E200z0_VLE_Soft.a D:\w\EPPC\workspace_codegen\ewl\EWL_Runtime\Runtime_PA_CmdLineData\librt_E200z0_VLE_Soft\obj\runtime.o
  UNUSED   000000 ........ ........    _save32gpr_18 librt_E200z0_VLE_Soft.a D:\w\EPPC\workspace_codegen\ewl\EWL_Runtime\Runtime_PA_CmdLineData\librt_E200z0_VLE_Soft\obj\runtime.o
  UNUSED   000000 ........ ........    _savegpr_19 librt_E200z0_VLE_Soft.a D:\w\EPPC\workspace_codegen\ewl\EWL_Runtime\Runtime_PA_CmdLineData\librt_E200z0_VLE_Soft\obj\runtime.o
  UNUSED   000000 ........ ........    _save32gpr_19 librt_E200z0_VLE_Soft.a D:\w\EPPC\workspace_codegen\ewl\EWL_Runtime\Runtime_PA_CmdLineData\librt_E200z0_VLE_Soft\obj\runtime.o
  UNUSED   000000 ........ ........    _savegpr_20 librt_E200z0_VLE_Soft.a D:\w\EPPC\workspace_codegen\ewl\EWL_Runtime\Runtime_PA_CmdLineData\librt_E200z0_VLE_Soft\obj\runtime.o
  UNUSED   000000 ........ ........    _save32gpr_20 librt_E200z0_VLE_Soft.a D:\w\EPPC\workspace_codegen\ewl\EWL_Runtime\Runtime_PA_CmdLineData\librt_E200z0_VLE_Soft\obj\runtime.o
  UNUSED   000000 ........ ........    _savegpr_21 librt_E200z0_VLE_Soft.a D:\w\EPPC\workspace_codegen\ewl\EWL_Runtime\Runtime_PA_CmdLineData\librt_E200z0_VLE_Soft\obj\runtime.o
  UNUSED   000000 ........ ........    _save32gpr_21 librt_E200z0_VLE_Soft.a D:\w\EPPC\workspace_codegen\ewl\EWL_Runtime\Runtime_PA_CmdLineData\librt_E200z0_VLE_Soft\obj\runtime.o
  UNUSED   000000 ........ ........    _savegpr_22 librt_E200z0_VLE_Soft.a D:\w\EPPC\workspace_codegen\ewl\EWL_Runtime\Runtime_PA_CmdLineData\librt_E200z0_VLE_Soft\obj\runtime.o
  UNUSED   000000 ........ ........    _save32gpr_22 librt_E200z0_VLE_Soft.a D:\w\EPPC\workspace_codegen\ewl\EWL_Runtime\Runtime_PA_CmdLineData\librt_E200z0_VLE_Soft\obj\runtime.o
  UNUSED   000000 ........ ........    _savegpr_23 librt_E200z0_VLE_Soft.a D:\w\EPPC\workspace_codegen\ewl\EWL_Runtime\Runtime_PA_CmdLineData\librt_E200z0_VLE_Soft\obj\runtime.o
  UNUSED   000000 ........ ........    _save32gpr_23 librt_E200z0_VLE_Soft.a D:\w\EPPC\workspace_codegen\ewl\EWL_Runtime\Runtime_PA_CmdLineData\librt_E200z0_VLE_Soft\obj\runtime.o
  UNUSED   000000 ........ ........    _savegpr_24 librt_E200z0_VLE_Soft.a D:\w\EPPC\workspace_codegen\ewl\EWL_Runtime\Runtime_PA_CmdLineData\librt_E200z0_VLE_Soft\obj\runtime.o
  UNUSED   000000 ........ ........    _save32gpr_24 librt_E200z0_VLE_Soft.a D:\w\EPPC\workspace_codegen\ewl\EWL_Runtime\Runtime_PA_CmdLineData\librt_E200z0_VLE_Soft\obj\runtime.o
  UNUSED   000000 ........ ........    _savegpr_25 librt_E200z0_VLE_Soft.a D:\w\EPPC\workspace_codegen\ewl\EWL_Runtime\Runtime_PA_CmdLineData\librt_E200z0_VLE_Soft\obj\runtime.o
  UNUSED   000000 ........ ........    _save32gpr_25 librt_E200z0_VLE_Soft.a D:\w\EPPC\workspace_codegen\ewl\EWL_Runtime\Runtime_PA_CmdLineData\librt_E200z0_VLE_Soft\obj\runtime.o
  UNUSED   000000 ........ ........    _savegpr_26 librt_E200z0_VLE_Soft.a D:\w\EPPC\workspace_codegen\ewl\EWL_Runtime\Runtime_PA_CmdLineData\librt_E200z0_VLE_Soft\obj\runtime.o
  UNUSED   000000 ........ ........    _save32gpr_26 librt_E200z0_VLE_Soft.a D:\w\EPPC\workspace_codegen\ewl\EWL_Runtime\Runtime_PA_CmdLineData\librt_E200z0_VLE_Soft\obj\runtime.o
  UNUSED   000000 ........ ........    _savegpr_27 librt_E200z0_VLE_Soft.a D:\w\EPPC\workspace_codegen\ewl\EWL_Runtime\Runtime_PA_CmdLineData\librt_E200z0_VLE_Soft\obj\runtime.o
  UNUSED   000000 ........ ........    _save32gpr_27 librt_E200z0_VLE_Soft.a D:\w\EPPC\workspace_codegen\ewl\EWL_Runtime\Runtime_PA_CmdLineData\librt_E200z0_VLE_Soft\obj\runtime.o
  UNUSED   000000 ........ ........    _savegpr_28 librt_E200z0_VLE_Soft.a D:\w\EPPC\workspace_codegen\ewl\EWL_Runtime\Runtime_PA_CmdLineData\librt_E200z0_VLE_Soft\obj\runtime.o
  UNUSED   000000 ........ ........    _save32gpr_28 librt_E200z0_VLE_Soft.a D:\w\EPPC\workspace_codegen\ewl\EWL_Runtime\Runtime_PA_CmdLineData\librt_E200z0_VLE_Soft\obj\runtime.o
  UNUSED   000000 ........ ........    _savegpr_29 librt_E200z0_VLE_Soft.a D:\w\EPPC\workspace_codegen\ewl\EWL_Runtime\Runtime_PA_CmdLineData\librt_E200z0_VLE_Soft\obj\runtime.o
  UNUSED   000000 ........ ........    _save32gpr_29 librt_E200z0_VLE_Soft.a D:\w\EPPC\workspace_codegen\ewl\EWL_Runtime\Runtime_PA_CmdLineData\librt_E200z0_VLE_Soft\obj\runtime.o
  UNUSED   000000 ........ ........    _savegpr_30 librt_E200z0_VLE_Soft.a D:\w\EPPC\workspace_codegen\ewl\EWL_Runtime\Runtime_PA_CmdLineData\librt_E200z0_VLE_Soft\obj\runtime.o
  UNUSED   000000 ........ ........    _save32gpr_30 librt_E200z0_VLE_Soft.a D:\w\EPPC\workspace_codegen\ewl\EWL_Runtime\Runtime_PA_CmdLineData\librt_E200z0_VLE_Soft\obj\runtime.o
  UNUSED   000000 ........ ........    _savegpr_31 librt_E200z0_VLE_Soft.a D:\w\EPPC\workspace_codegen\ewl\EWL_Runtime\Runtime_PA_CmdLineData\librt_E200z0_VLE_Soft\obj\runtime.o
  UNUSED   000000 ........ ........    _save32gpr_31 librt_E200z0_VLE_Soft.a D:\w\EPPC\workspace_codegen\ewl\EWL_Runtime\Runtime_PA_CmdLineData\librt_E200z0_VLE_Soft\obj\runtime.o
  UNUSED   00004a ........ ........    __restore_gpr librt_E200z0_VLE_Soft.a D:\w\EPPC\workspace_codegen\ewl\EWL_Runtime\Runtime_PA_CmdLineData\librt_E200z0_VLE_Soft\obj\runtime.o
  UNUSED   000000 ........ ........    _restgpr_14 librt_E200z0_VLE_Soft.a D:\w\EPPC\workspace_codegen\ewl\EWL_Runtime\Runtime_PA_CmdLineData\librt_E200z0_VLE_Soft\obj\runtime.o
  UNUSED   000000 ........ ........    _rest32gpr_14 librt_E200z0_VLE_Soft.a D:\w\EPPC\workspace_codegen\ewl\EWL_Runtime\Runtime_PA_CmdLineData\librt_E200z0_VLE_Soft\obj\runtime.o
  UNUSED   000000 ........ ........    _restgpr_15 librt_E200z0_VLE_Soft.a D:\w\EPPC\workspace_codegen\ewl\EWL_Runtime\Runtime_PA_CmdLineData\librt_E200z0_VLE_Soft\obj\runtime.o
  UNUSED   000000 ........ ........    _rest32gpr_15 librt_E200z0_VLE_Soft.a D:\w\EPPC\workspace_codegen\ewl\EWL_Runtime\Runtime_PA_CmdLineData\librt_E200z0_VLE_Soft\obj\runtime.o
  UNUSED   000000 ........ ........    _restgpr_16 librt_E200z0_VLE_Soft.a D:\w\EPPC\workspace_codegen\ewl\EWL_Runtime\Runtime_PA_CmdLineData\librt_E200z0_VLE_Soft\obj\runtime.o
  UNUSED   000000 ........ ........    _rest32gpr_16 librt_E200z0_VLE_Soft.a D:\w\EPPC\workspace_codegen\ewl\EWL_Runtime\Runtime_PA_CmdLineData\librt_E200z0_VLE_Soft\obj\runtime.o
  UNUSED   000000 ........ ........    _restgpr_17 librt_E200z0_VLE_Soft.a D:\w\EPPC\workspace_codegen\ewl\EWL_Runtime\Runtime_PA_CmdLineData\librt_E200z0_VLE_Soft\obj\runtime.o
  UNUSED   000000 ........ ........    _rest32gpr_17 librt_E200z0_VLE_Soft.a D:\w\EPPC\workspace_codegen\ewl\EWL_Runtime\Runtime_PA_CmdLineData\librt_E200z0_VLE_Soft\obj\runtime.o
  UNUSED   000000 ........ ........    _restgpr_18 librt_E200z0_VLE_Soft.a D:\w\EPPC\workspace_codegen\ewl\EWL_Runtime\Runtime_PA_CmdLineData\librt_E200z0_VLE_Soft\obj\runtime.o
  UNUSED   000000 ........ ........    _rest32gpr_18 librt_E200z0_VLE_Soft.a D:\w\EPPC\workspace_codegen\ewl\EWL_Runtime\Runtime_PA_CmdLineData\librt_E200z0_VLE_Soft\obj\runtime.o
  UNUSED   000000 ........ ........    _restgpr_19 librt_E200z0_VLE_Soft.a D:\w\EPPC\workspace_codegen\ewl\EWL_Runtime\Runtime_PA_CmdLineData\librt_E200z0_VLE_Soft\obj\runtime.o
  UNUSED   000000 ........ ........    _rest32gpr_19 librt_E200z0_VLE_Soft.a D:\w\EPPC\workspace_codegen\ewl\EWL_Runtime\Runtime_PA_CmdLineData\librt_E200z0_VLE_Soft\obj\runtime.o
  UNUSED   000000 ........ ........    _restgpr_20 librt_E200z0_VLE_Soft.a D:\w\EPPC\workspace_codegen\ewl\EWL_Runtime\Runtime_PA_CmdLineData\librt_E200z0_VLE_Soft\obj\runtime.o
  UNUSED   000000 ........ ........    _rest32gpr_20 librt_E200z0_VLE_Soft.a D:\w\EPPC\workspace_codegen\ewl\EWL_Runtime\Runtime_PA_CmdLineData\librt_E200z0_VLE_Soft\obj\runtime.o
  UNUSED   000000 ........ ........    _restgpr_21 librt_E200z0_VLE_Soft.a D:\w\EPPC\workspace_codegen\ewl\EWL_Runtime\Runtime_PA_CmdLineData\librt_E200z0_VLE_Soft\obj\runtime.o
  UNUSED   000000 ........ ........    _rest32gpr_21 librt_E200z0_VLE_Soft.a D:\w\EPPC\workspace_codegen\ewl\EWL_Runtime\Runtime_PA_CmdLineData\librt_E200z0_VLE_Soft\obj\runtime.o
  UNUSED   000000 ........ ........    _restgpr_22 librt_E200z0_VLE_Soft.a D:\w\EPPC\workspace_codegen\ewl\EWL_Runtime\Runtime_PA_CmdLineData\librt_E200z0_VLE_Soft\obj\runtime.o
  UNUSED   000000 ........ ........    _rest32gpr_22 librt_E200z0_VLE_Soft.a D:\w\EPPC\workspace_codegen\ewl\EWL_Runtime\Runtime_PA_CmdLineData\librt_E200z0_VLE_Soft\obj\runtime.o
  UNUSED   000000 ........ ........    _restgpr_23 librt_E200z0_VLE_Soft.a D:\w\EPPC\workspace_codegen\ewl\EWL_Runtime\Runtime_PA_CmdLineData\librt_E200z0_VLE_Soft\obj\runtime.o
  UNUSED   000000 ........ ........    _rest32gpr_23 librt_E200z0_VLE_Soft.a D:\w\EPPC\workspace_codegen\ewl\EWL_Runtime\Runtime_PA_CmdLineData\librt_E200z0_VLE_Soft\obj\runtime.o
  UNUSED   000000 ........ ........    _restgpr_24 librt_E200z0_VLE_Soft.a D:\w\EPPC\workspace_codegen\ewl\EWL_Runtime\Runtime_PA_CmdLineData\librt_E200z0_VLE_Soft\obj\runtime.o
  UNUSED   000000 ........ ........    _rest32gpr_24 librt_E200z0_VLE_Soft.a D:\w\EPPC\workspace_codegen\ewl\EWL_Runtime\Runtime_PA_CmdLineData\librt_E200z0_VLE_Soft\obj\runtime.o
  UNUSED   000000 ........ ........    _restgpr_25 librt_E200z0_VLE_Soft.a D:\w\EPPC\workspace_codegen\ewl\EWL_Runtime\Runtime_PA_CmdLineData\librt_E200z0_VLE_Soft\obj\runtime.o
  UNUSED   000000 ........ ........    _rest32gpr_25 librt_E200z0_VLE_Soft.a D:\w\EPPC\workspace_codegen\ewl\EWL_Runtime\Runtime_PA_CmdLineData\librt_E200z0_VLE_Soft\obj\runtime.o
  UNUSED   000000 ........ ........    _restgpr_26 librt_E200z0_VLE_Soft.a D:\w\EPPC\workspace_codegen\ewl\EWL_Runtime\Runtime_PA_CmdLineData\librt_E200z0_VLE_Soft\obj\runtime.o
  UNUSED   000000 ........ ........    _rest32gpr_26 librt_E200z0_VLE_Soft.a D:\w\EPPC\workspace_codegen\ewl\EWL_Runtime\Runtime_PA_CmdLineData\librt_E200z0_VLE_Soft\obj\runtime.o
  UNUSED   000000 ........ ........    _restgpr_27 librt_E200z0_VLE_Soft.a D:\w\EPPC\workspace_codegen\ewl\EWL_Runtime\Runtime_PA_CmdLineData\librt_E200z0_VLE_Soft\obj\runtime.o
  UNUSED   000000 ........ ........    _rest32gpr_27 librt_E200z0_VLE_Soft.a D:\w\EPPC\workspace_codegen\ewl\EWL_Runtime\Runtime_PA_CmdLineData\librt_E200z0_VLE_Soft\obj\runtime.o
  UNUSED   000000 ........ ........    _restgpr_28 librt_E200z0_VLE_Soft.a D:\w\EPPC\workspace_codegen\ewl\EWL_Runtime\Runtime_PA_CmdLineData\librt_E200z0_VLE_Soft\obj\runtime.o
  UNUSED   000000 ........ ........    _rest32gpr_28 librt_E200z0_VLE_Soft.a D:\w\EPPC\workspace_codegen\ewl\EWL_Runtime\Runtime_PA_CmdLineData\librt_E200z0_VLE_Soft\obj\runtime.o
  UNUSED   000000 ........ ........    _restgpr_29 librt_E200z0_VLE_Soft.a D:\w\EPPC\workspace_codegen\ewl\EWL_Runtime\Runtime_PA_CmdLineData\librt_E200z0_VLE_Soft\obj\runtime.o
  UNUSED   000000 ........ ........    _rest32gpr_29 librt_E200z0_VLE_Soft.a D:\w\EPPC\workspace_codegen\ewl\EWL_Runtime\Runtime_PA_CmdLineData\librt_E200z0_VLE_Soft\obj\runtime.o
  UNUSED   000000 ........ ........    _restgpr_30 librt_E200z0_VLE_Soft.a D:\w\EPPC\workspace_codegen\ewl\EWL_Runtime\Runtime_PA_CmdLineData\librt_E200z0_VLE_Soft\obj\runtime.o
  UNUSED   000000 ........ ........    _rest32gpr_30 librt_E200z0_VLE_Soft.a D:\w\EPPC\workspace_codegen\ewl\EWL_Runtime\Runtime_PA_CmdLineData\librt_E200z0_VLE_Soft\obj\runtime.o
  UNUSED   000000 ........ ........    _restgpr_31 librt_E200z0_VLE_Soft.a D:\w\EPPC\workspace_codegen\ewl\EWL_Runtime\Runtime_PA_CmdLineData\librt_E200z0_VLE_Soft\obj\runtime.o
  UNUSED   000000 ........ ........    _rest32gpr_31 librt_E200z0_VLE_Soft.a D:\w\EPPC\workspace_codegen\ewl\EWL_Runtime\Runtime_PA_CmdLineData\librt_E200z0_VLE_Soft\obj\runtime.o
  00001faa 000008 4000325a 000024ea  2 __restore_frame_and_exit 	librt_E200z0_VLE_Soft.a D:\w\EPPC\workspace_codegen\ewl\EWL_Runtime\Runtime_PA_CmdLineData\librt_E200z0_VLE_Soft\obj\runtime.o
  UNUSED   000000 ........ ........    __finish_restore_frame_and_exit2 librt_E200z0_VLE_Soft.a D:\w\EPPC\workspace_codegen\ewl\EWL_Runtime\Runtime_PA_CmdLineData\librt_E200z0_VLE_Soft\obj\runtime.o
  UNUSED   00000a ........ ........    __restore_gpr_31_exit librt_E200z0_VLE_Soft.a D:\w\EPPC\workspace_codegen\ewl\EWL_Runtime\Runtime_PA_CmdLineData\librt_E200z0_VLE_Soft\obj\runtime.o
  UNUSED   000000 ........ ........    __finish_restore_frame_and_exit librt_E200z0_VLE_Soft.a D:\w\EPPC\workspace_codegen\ewl\EWL_Runtime\Runtime_PA_CmdLineData\librt_E200z0_VLE_Soft\obj\runtime.o
  UNUSED   000008 ........ ........    __restore_gpr_30_exit librt_E200z0_VLE_Soft.a D:\w\EPPC\workspace_codegen\ewl\EWL_Runtime\Runtime_PA_CmdLineData\librt_E200z0_VLE_Soft\obj\runtime.o
  UNUSED   000008 ........ ........    __restore_gpr_29_exit librt_E200z0_VLE_Soft.a D:\w\EPPC\workspace_codegen\ewl\EWL_Runtime\Runtime_PA_CmdLineData\librt_E200z0_VLE_Soft\obj\runtime.o
  UNUSED   000008 ........ ........    __restore_gpr_28_exit librt_E200z0_VLE_Soft.a D:\w\EPPC\workspace_codegen\ewl\EWL_Runtime\Runtime_PA_CmdLineData\librt_E200z0_VLE_Soft\obj\runtime.o
  UNUSED   000008 ........ ........    __restore_gpr_27_exit librt_E200z0_VLE_Soft.a D:\w\EPPC\workspace_codegen\ewl\EWL_Runtime\Runtime_PA_CmdLineData\librt_E200z0_VLE_Soft\obj\runtime.o
  UNUSED   000008 ........ ........    __restore_gpr_26_exit librt_E200z0_VLE_Soft.a D:\w\EPPC\workspace_codegen\ewl\EWL_Runtime\Runtime_PA_CmdLineData\librt_E200z0_VLE_Soft\obj\runtime.o
  UNUSED   00000a ........ ........    __restore_gpr_25_exit librt_E200z0_VLE_Soft.a D:\w\EPPC\workspace_codegen\ewl\EWL_Runtime\Runtime_PA_CmdLineData\librt_E200z0_VLE_Soft\obj\runtime.o
  UNUSED   000008 ........ ........    __restore_gpr_24_exit librt_E200z0_VLE_Soft.a D:\w\EPPC\workspace_codegen\ewl\EWL_Runtime\Runtime_PA_CmdLineData\librt_E200z0_VLE_Soft\obj\runtime.o
  UNUSED   000008 ........ ........    __restore_gpr_23_exit librt_E200z0_VLE_Soft.a D:\w\EPPC\workspace_codegen\ewl\EWL_Runtime\Runtime_PA_CmdLineData\librt_E200z0_VLE_Soft\obj\runtime.o
  UNUSED   000008 ........ ........    __restore_gpr_22_exit librt_E200z0_VLE_Soft.a D:\w\EPPC\workspace_codegen\ewl\EWL_Runtime\Runtime_PA_CmdLineData\librt_E200z0_VLE_Soft\obj\runtime.o
  UNUSED   000008 ........ ........    __restore_gpr_21_exit librt_E200z0_VLE_Soft.a D:\w\EPPC\workspace_codegen\ewl\EWL_Runtime\Runtime_PA_CmdLineData\librt_E200z0_VLE_Soft\obj\runtime.o
  UNUSED   000008 ........ ........    __restore_gpr_20_exit librt_E200z0_VLE_Soft.a D:\w\EPPC\workspace_codegen\ewl\EWL_Runtime\Runtime_PA_CmdLineData\librt_E200z0_VLE_Soft\obj\runtime.o
  UNUSED   000008 ........ ........    __restore_gpr_19_exit librt_E200z0_VLE_Soft.a D:\w\EPPC\workspace_codegen\ewl\EWL_Runtime\Runtime_PA_CmdLineData\librt_E200z0_VLE_Soft\obj\runtime.o
  UNUSED   000008 ........ ........    __restore_gpr_18_exit librt_E200z0_VLE_Soft.a D:\w\EPPC\workspace_codegen\ewl\EWL_Runtime\Runtime_PA_CmdLineData\librt_E200z0_VLE_Soft\obj\runtime.o
  UNUSED   000008 ........ ........    __restore_gpr_17_exit librt_E200z0_VLE_Soft.a D:\w\EPPC\workspace_codegen\ewl\EWL_Runtime\Runtime_PA_CmdLineData\librt_E200z0_VLE_Soft\obj\runtime.o
  UNUSED   000008 ........ ........    __restore_gpr_16_exit librt_E200z0_VLE_Soft.a D:\w\EPPC\workspace_codegen\ewl\EWL_Runtime\Runtime_PA_CmdLineData\librt_E200z0_VLE_Soft\obj\runtime.o
  UNUSED   000008 ........ ........    __restore_gpr_15_exit librt_E200z0_VLE_Soft.a D:\w\EPPC\workspace_codegen\ewl\EWL_Runtime\Runtime_PA_CmdLineData\librt_E200z0_VLE_Soft\obj\runtime.o
  UNUSED   000008 ........ ........    __restore_gpr_14_exit librt_E200z0_VLE_Soft.a D:\w\EPPC\workspace_codegen\ewl\EWL_Runtime\Runtime_PA_CmdLineData\librt_E200z0_VLE_Soft\obj\runtime.o
  UNUSED   00000c ........ ........    __create_frame librt_E200z0_VLE_Soft.a D:\w\EPPC\workspace_codegen\ewl\EWL_Runtime\Runtime_PA_CmdLineData\librt_E200z0_VLE_Soft\obj\runtime.o
  UNUSED   000000 ........ ........    __save_lr librt_E200z0_VLE_Soft.a D:\w\EPPC\workspace_codegen\ewl\EWL_Runtime\Runtime_PA_CmdLineData\librt_E200z0_VLE_Soft\obj\runtime.o
  UNUSED   00000c ........ ........    __create_frame_and_save_gpr_31 librt_E200z0_VLE_Soft.a D:\w\EPPC\workspace_codegen\ewl\EWL_Runtime\Runtime_PA_CmdLineData\librt_E200z0_VLE_Soft\obj\runtime.o
  UNUSED   00000c ........ ........    __create_frame_and_save_gpr_30 librt_E200z0_VLE_Soft.a D:\w\EPPC\workspace_codegen\ewl\EWL_Runtime\Runtime_PA_CmdLineData\librt_E200z0_VLE_Soft\obj\runtime.o
  UNUSED   00000c ........ ........    __create_frame_and_save_gpr_29 librt_E200z0_VLE_Soft.a D:\w\EPPC\workspace_codegen\ewl\EWL_Runtime\Runtime_PA_CmdLineData\librt_E200z0_VLE_Soft\obj\runtime.o
  UNUSED   00000c ........ ........    __create_frame_and_save_gpr_28 librt_E200z0_VLE_Soft.a D:\w\EPPC\workspace_codegen\ewl\EWL_Runtime\Runtime_PA_CmdLineData\librt_E200z0_VLE_Soft\obj\runtime.o
  UNUSED   00000c ........ ........    __create_frame_and_save_gpr_27 librt_E200z0_VLE_Soft.a D:\w\EPPC\workspace_codegen\ewl\EWL_Runtime\Runtime_PA_CmdLineData\librt_E200z0_VLE_Soft\obj\runtime.o
  UNUSED   00000c ........ ........    __create_frame_and_save_gpr_26 librt_E200z0_VLE_Soft.a D:\w\EPPC\workspace_codegen\ewl\EWL_Runtime\Runtime_PA_CmdLineData\librt_E200z0_VLE_Soft\obj\runtime.o
  UNUSED   00000c ........ ........    __create_frame_and_save_gpr_25 librt_E200z0_VLE_Soft.a D:\w\EPPC\workspace_codegen\ewl\EWL_Runtime\Runtime_PA_CmdLineData\librt_E200z0_VLE_Soft\obj\runtime.o
  UNUSED   00000c ........ ........    __create_frame_and_save_gpr_24 librt_E200z0_VLE_Soft.a D:\w\EPPC\workspace_codegen\ewl\EWL_Runtime\Runtime_PA_CmdLineData\librt_E200z0_VLE_Soft\obj\runtime.o
  UNUSED   00000c ........ ........    __create_frame_and_save_gpr_23 librt_E200z0_VLE_Soft.a D:\w\EPPC\workspace_codegen\ewl\EWL_Runtime\Runtime_PA_CmdLineData\librt_E200z0_VLE_Soft\obj\runtime.o
  UNUSED   00000c ........ ........    __create_frame_and_save_gpr_22 librt_E200z0_VLE_Soft.a D:\w\EPPC\workspace_codegen\ewl\EWL_Runtime\Runtime_PA_CmdLineData\librt_E200z0_VLE_Soft\obj\runtime.o
  UNUSED   00000c ........ ........    __create_frame_and_save_gpr_21 librt_E200z0_VLE_Soft.a D:\w\EPPC\workspace_codegen\ewl\EWL_Runtime\Runtime_PA_CmdLineData\librt_E200z0_VLE_Soft\obj\runtime.o
  UNUSED   00000c ........ ........    __create_frame_and_save_gpr_20 librt_E200z0_VLE_Soft.a D:\w\EPPC\workspace_codegen\ewl\EWL_Runtime\Runtime_PA_CmdLineData\librt_E200z0_VLE_Soft\obj\runtime.o
  UNUSED   00000c ........ ........    __create_frame_and_save_gpr_19 librt_E200z0_VLE_Soft.a D:\w\EPPC\workspace_codegen\ewl\EWL_Runtime\Runtime_PA_CmdLineData\librt_E200z0_VLE_Soft\obj\runtime.o
  UNUSED   00000c ........ ........    __create_frame_and_save_gpr_18 librt_E200z0_VLE_Soft.a D:\w\EPPC\workspace_codegen\ewl\EWL_Runtime\Runtime_PA_CmdLineData\librt_E200z0_VLE_Soft\obj\runtime.o
  UNUSED   00000c ........ ........    __create_frame_and_save_gpr_17 librt_E200z0_VLE_Soft.a D:\w\EPPC\workspace_codegen\ewl\EWL_Runtime\Runtime_PA_CmdLineData\librt_E200z0_VLE_Soft\obj\runtime.o
  UNUSED   00000c ........ ........    __create_frame_and_save_gpr_16 librt_E200z0_VLE_Soft.a D:\w\EPPC\workspace_codegen\ewl\EWL_Runtime\Runtime_PA_CmdLineData\librt_E200z0_VLE_Soft\obj\runtime.o
  UNUSED   00000c ........ ........    __create_frame_and_save_gpr_15 librt_E200z0_VLE_Soft.a D:\w\EPPC\workspace_codegen\ewl\EWL_Runtime\Runtime_PA_CmdLineData\librt_E200z0_VLE_Soft\obj\runtime.o
  UNUSED   00000c ........ ........    __create_frame_and_save_gpr_14 librt_E200z0_VLE_Soft.a D:\w\EPPC\workspace_codegen\ewl\EWL_Runtime\Runtime_PA_CmdLineData\librt_E200z0_VLE_Soft\obj\runtime.o
  UNUSED   0000c4 ........ ........    __div2u librt_E200z0_VLE_Soft.a D:\w\EPPC\workspace_codegen\ewl\EWL_Runtime\Runtime_PA_CmdLineData\librt_E200z0_VLE_Soft\obj\runtime.o
  UNUSED   000108 ........ ........    __div2i librt_E200z0_VLE_Soft.a D:\w\EPPC\workspace_codegen\ewl\EWL_Runtime\Runtime_PA_CmdLineData\librt_E200z0_VLE_Soft\obj\runtime.o
  UNUSED   0000ba ........ ........    __mod2u librt_E200z0_VLE_Soft.a D:\w\EPPC\workspace_codegen\ewl\EWL_Runtime\Runtime_PA_CmdLineData\librt_E200z0_VLE_Soft\obj\runtime.o
  UNUSED   0000e2 ........ ........    __mod2i librt_E200z0_VLE_Soft.a D:\w\EPPC\workspace_codegen\ewl\EWL_Runtime\Runtime_PA_CmdLineData\librt_E200z0_VLE_Soft\obj\runtime.o
  UNUSED   00001a ........ ........    __shl2i librt_E200z0_VLE_Soft.a D:\w\EPPC\workspace_codegen\ewl\EWL_Runtime\Runtime_PA_CmdLineData\librt_E200z0_VLE_Soft\obj\runtime.o
  UNUSED   00001a ........ ........    __shr2u librt_E200z0_VLE_Soft.a D:\w\EPPC\workspace_codegen\ewl\EWL_Runtime\Runtime_PA_CmdLineData\librt_E200z0_VLE_Soft\obj\runtime.o
  UNUSED   00001c ........ ........    __shr2i librt_E200z0_VLE_Soft.a D:\w\EPPC\workspace_codegen\ewl\EWL_Runtime\Runtime_PA_CmdLineData\librt_E200z0_VLE_Soft\obj\runtime.o
  00001fb2 000000 40003262 000024f2  1 .text.205 	librt_E200z0_VLE_Soft.a D:\w\EPPC\workspace_codegen\ewl\EWL_Runtime\Runtime_PA_CmdLineData\librt_E200z0_VLE_Soft\obj\runtime.o


.rodata section layout
  Starting        Virtual  File
  address  Size   address  offset
  ---------------------------------
  00000000 00000c 40003268 000024f8  1 .rodata 	__ppc_eabi_init_c.obj 
  00000000 00000c 40003268 000024f8  4 @22 	__ppc_eabi_init_c.obj 


.ctors section layout
  Starting        Virtual  File
  address  Size   address  offset
  ---------------------------------


.dtors section layout
  Starting        Virtual  File
  address  Size   address  offset
  ---------------------------------


extab section layout
  Starting        Virtual  File
  address  Size   address  offset
  ---------------------------------


extabindex section layout
  Starting        Virtual  File
  address  Size   address  offset
  ---------------------------------


.__uninitialized_intc_handlertable section layout
  Starting        Virtual  File
  address  Size   address  offset
  ---------------------------------
  00000000 000348 40003800 00002800  1 .__uninitialized_intc_handlertable 	IntcInterrupts_c.obj 
  00000000 000348 40003800 00002800  8 INTCInterruptsHandlerTable 	IntcInterrupts_c.obj 


.data section layout
  Starting        Virtual  File
  address  Size   address  offset
  ---------------------------------
  00000000 00002d 40003b48 00002800  1 .data 	main_c.obj 
  00000000 000009 40003b48 00002800  4 @160 	main_c.obj 
  0000000c 000009 40003b54 0000280c  4 @161 	main_c.obj 
  00000018 000009 40003b60 00002818  4 @162 	main_c.obj 
  00000024 000009 40003b6c 00002824  4 @163 	main_c.obj 


.sdata section layout
  Starting        Virtual  File
  address  Size   address  offset
  ---------------------------------
  00000000 000005 40003b78 00002830  1 .sdata 	tasks_c.obj 
  00000000 000005 40003b78 00002830  4 @355 	tasks_c.obj 


.sbss section layout
  Starting        Virtual  File
  address  Size   address  offset
  ---------------------------------
  00000000 00000c 40003b80 00002838  1 .sbss 	main_c.obj 
  00000000 000004 40003b80 00002838  4 ui32_ms_cnt 	main_c.obj 
  00000004 000004 40003b84 0000283c  4 task1 	main_c.obj 
  00000008 000004 40003b88 00002840  4 task2 	main_c.obj 
  0000000c 000004 40003b90 00002848  8 *fill*
  00000010 000004 40003b90 00002848  1 .sbss 	port_c.obj 
  00000010 000004 40003b90 00002848  4 global_count 	port_c.obj 
  00000014 000004 40003b98 00002850  8 *fill*
  00000018 000008 40003b98 00002850  1 .sbss 	heap_1_c.obj 
  00000018 000004 40003b98 00002850  4 xNextFreeByte 	heap_1_c.obj 
  0000001c 000004 40003b9c 00002854  4 @LOCAL@pvPortMalloc__FUl@pucAlignedHeap 	heap_1_c.obj 
  00000020 000038 40003ba0 00002858  1 .sbss 	tasks_c.obj 
  00000020 000004 40003ba0 00002858  4 pxCurrentTCB 	tasks_c.obj 
  00000024 000004 40003ba4 0000285c  4 uxCurrentNumberOfTasks 	tasks_c.obj 
  00000028 000004 40003ba8 00002860  4 xTickCount 	tasks_c.obj 
  0000002c 000004 40003bac 00002864  4 uxTopReadyPriority 	tasks_c.obj 
  00000030 000004 40003bb0 00002868  4 xSchedulerRunning 	tasks_c.obj 
  00000034 000004 40003bb4 0000286c  4 uxPendedTicks 	tasks_c.obj 
  00000038 000004 40003bb8 00002870  4 xYieldPending 	tasks_c.obj 
  0000003c 000004 40003bbc 00002874  4 xNumOfOverflows 	tasks_c.obj 
  00000040 000004 40003bc0 00002878  4 uxTaskNumber 	tasks_c.obj 
  00000044 000004 40003bc4 0000287c  4 xNextTaskUnblockTime 	tasks_c.obj 
  00000048 000004 40003bc8 00002880  4 xIdleTaskHandle 	tasks_c.obj 
  0000004c 000004 40003bcc 00002884  4 uxSchedulerSuspended 	tasks_c.obj 
  00000050 000004 40003bd0 00002888  4 pxOverflowDelayedTaskList 	tasks_c.obj 
  00000054 000004 40003bd4 0000288c  4 pxDelayedTaskList 	tasks_c.obj 
  00000058 000008 40003bd8 00002890  1 .sbss 	libc_E200z0_VLE_Soft.a D:\w\EPPC\workspace_codegen\ewl\EWL_C\EWL_C.PA_CmdLineData\libc_E200z0_VLE_Soft\obj\abort_exit.o
  UNUSED   000004 ........ ........    __atexit_curr_func_C libc_E200z0_VLE_Soft.a D:\w\EPPC\workspace_codegen\ewl\EWL_C\EWL_C.PA_CmdLineData\libc_E200z0_VLE_Soft\obj\abort_exit.o
  00000058 000004 40003bd8 00002890  4 __stdio_exit 	libc_E200z0_VLE_Soft.a D:\w\EPPC\workspace_codegen\ewl\EWL_C\EWL_C.PA_CmdLineData\libc_E200z0_VLE_Soft\obj\abort_exit.o
  0000005c 000004 40003bdc 00002894  4 __console_exit 	libc_E200z0_VLE_Soft.a D:\w\EPPC\workspace_codegen\ewl\EWL_C\EWL_C.PA_CmdLineData\libc_E200z0_VLE_Soft\obj\abort_exit.o
  00000060 000004 40003be0 00002898  1 .sbss 	librt_E200z0_VLE_Soft.a D:\w\EPPC\workspace_codegen\ewl\EWL_Runtime\Runtime_PA_CmdLineData\librt_E200z0_VLE_Soft\obj\global_destructor_chain.o
  UNUSED   000004 ........ ........    atexit_curr_func librt_E200z0_VLE_Soft.a D:\w\EPPC\workspace_codegen\ewl\EWL_Runtime\Runtime_PA_CmdLineData\librt_E200z0_VLE_Soft\obj\global_destructor_chain.o
  00000060 000004 40003be0 00002898  4 __global_destructor_chain 	librt_E200z0_VLE_Soft.a D:\w\EPPC\workspace_codegen\ewl\EWL_Runtime\Runtime_PA_CmdLineData\librt_E200z0_VLE_Soft\obj\global_destructor_chain.o


.sdata2 section layout
  Starting        Virtual  File
  address  Size   address  offset
  ---------------------------------


.sbss2 section layout
  Starting        Virtual  File
  address  Size   address  offset
  ---------------------------------


.bss section layout
  Starting        Virtual  File
  address  Size   address  offset
  ---------------------------------
  00000000 001800 40003be8 00002838  1 .bss 	heap_1_c.obj 
  00000000 001800 40003be8 00002838  8 ucHeap 	heap_1_c.obj 
  00001800 0000b4 400053e8 00004038  1 .bss 	tasks_c.obj 
  00001800 000014 400053e8 00004038  4 xSuspendedTaskList 	tasks_c.obj 
  00001814 000014 400053fc 0000404c  4 xPendingReadyList 	tasks_c.obj 
  00001828 000014 40005410 00004060  4 xDelayedTaskList2 	tasks_c.obj 
  0000183c 000014 40005424 00004074  4 xDelayedTaskList1 	tasks_c.obj 
  00001850 000064 40005438 00004088  4 pxReadyTasksLists 	tasks_c.obj 


Memory map:
                       Starting Size     File       S-Record
                       address           Offset     Line
    .ivor_branch_table 40000000 000000f4 000001a0          2
  .intc_hw_branch_table 400000f4 00000000 00000294          0
                 .init 40001000 0000008c 00000294         15
             .init_vle 4000108c 00000208 00000320         22
  .__exception_handlers 400012a0 00000004 00000530         48
                 .text 400012a4 00000000 00000540          0
             .text_vle 400012b0 00001fb4 00000540         49
               .rodata 40003268 0000000c 000024f8        455
                .ctors 40003274 00000000 00002504          0
                .dtors 40003274 00000000 00002504          0
                 extab 40003274 00000000 00002504          0
            extabindex 40003274 00000000 00002504          0
  .__uninitialized_intc_handlertable 40003800 00000348 00002800          0
                 .data 40003b48 00000030 00002800        456
                .sdata 40003b78 00000008 00002830        459
                 .sbss 40003b80 00000064 00002838          0
               .sdata2 40003be4 00000000 00002838          0
                .sbss2 40003be4 00000000 00002838          0
                  .bss 40003be8 000018b4 00002838          0
      .PPC.EMB.apuinfo 0000b390 00000000 0000dbd0          0
         .debug_abbrev          00000177 00002838
           .debug_info          000037a4 000029af
        .debug_aranges          00000020 00006153
           .debug_line          000052d8 00006173
            .debug_loc          00000a44 0000b44b
       .debug_pubnames          000006cc 0000be8f


Linker generated symbols:
       EXCEPTION_HANDLERS 40000000
     _f_ivor_branch_table 40000000
 _f_ivor_branch_table_rom 40000000
     _e_ivor_branch_table 400000f4
  _f_intc_hw_branch_table 400000f4
_f_intc_hw_branch_table_rom 40000800
  _e_intc_hw_branch_table 400000f4
                  _f_init 40001000
              _f_init_rom 40001000
                  _e_init 4000108c
              _f_init_vle 4000108c
          _f_init_vle_rom 4000108c
              _e_init_vle 40001294
  _f___exception_handlers 400012a0
_f___exception_handlers_rom 400012a0
  _e___exception_handlers 400012a4
                  _f_text 400012a4
              _f_text_rom 400012b0
                  _e_text 400012a4
              _f_text_vle 400012b0
          _f_text_vle_rom 400012b0
              _e_text_vle 40003264
                _f_rodata 40003268
            _f_rodata_rom 40003268
                _e_rodata 40003274
                 _f_ctors 40003274
             _f_ctors_rom 40003274
                 _e_ctors 40003274
                 _f_dtors 40003274
             _f_dtors_rom 40003274
                 _e_dtors 40003274
                  _fextab 40003274
              _fextab_rom 40003274
                  _eextab 40003274
             _fextabindex 40003274
         _fextabindex_rom 40003274
             _eextabindex 40003274
_f___uninitialized_intc_handlertable 40003800
_e___uninitialized_intc_handlertable 40003b48
                  _f_data 40003b48
              _f_data_rom 40003b48
                  _e_data 40003b78
                 _f_sdata 40003b78
             _f_sdata_rom 40003b78
                 _e_sdata 40003b80
                  _f_sbss 40003b80
                  _e_sbss 40003be4
                _f_sdata2 40003be4
            _f_sdata2_rom 40003be8
                _e_sdata2 40003be4
                 _f_sbss2 40003be4
                 _e_sbss2 40003be4
                   _f_bss 40003be8
                   _e_bss 4000549c
              _stack_addr 40008000
               _stack_end 40007800
               _heap_addr 40007000
                _heap_end 40007800
             _nbfunctions 00000045
           SIZEOF_HEADERS 000001a0
               _SDA_BASE_ 4000bb78
              _SDA2_BASE_ 4000bbe4
           _ABS_SDA_BASE_ 4000bb78
          _ABS_SDA2_BASE_ 4000bbe4
                 _SP_INIT 40008000
             __HEAP_START 40007000
              __mem_limit 40007800
           __stack_safety 00000010
